// Jest Snapshot v1, https://goo.gl/fbAQLP

exports[`RouteChangeProgress 1`] = `
<div
  className="sc-AxjAm StDqN"
>
  Loading...
</div>
`;
